activitywatch-bin
anyrun-git
atuin
aw-awatcher
aw-watcher-media-player
bat
bitwarden
blanket
blueman
bluez
bluez-utils
brave-bin
brightnessctl
broot
btop
chezmoi
cliphist
converseen
dragon-drop-git
eog
expect
fastfetch
firefox
fish
flatpak
fsearch
fzf
git-delta
git-lfs
glow
gnome-calculator
gnome-disk-utility
gnome-font-viewer
gnome-system-monitor
grim
gst-plugin-pipewire
guvcview
hyprcursor
hypridle-git
hyprland-git
hyprlock-git
hyprpicker-git
imagemagick
impala
instaloader
kew
keyd
kitty
kvantum
mediainfo
megacmd
morgen-bin
mpv
nautilus
neovim-git
networkmanager
network-manager-applet
nodejs
nwg-displays
nwg-look
nwg-panel
obsidian
pacman-log-orphans-hook
pacseek
pamac
pamixer
pavucontrol
perl-image-exiftool
pipewire
pipewire-alsa
pipewire-audio
pipewire-jack
pipewire-pulse
pnpm
podman
polkit-kde-agent
qbittorrent
qt5ct
qt5-graphicaleffects
qt5-imageformats
qt5-quickcontrols
qt5-quickcontrols2
qt5-wayland
qt6-wayland
rclone
rhythmbox
rhythmbox-plugin-alternative-toolbar
ripgrep
seahorse
slurp
starship
stylepak-git
swappy
swaync
swww
tesseract
tesseract-data-deu
tesseract-data-eng
tesseract-data-rus
topgrade
tree
ttf-jetbrains-mono-nerd
ttf-joypixels
udiskie
vesktop-bin
visual-studio-code-bin
wireguard-tools
wireplumber
wlr-randr
xdg-desktop-portal-hyprland-git
yazi
zoxide
zx
tealdeer